// 同步 ID: 2cc676bb @ Thu Jul  2 10:59:47 UTC 2026
// 同步 ID: 85b5a029 @ Fri Jul  3 16:21:51 UTC 2026
// 同步 ID: 2a9b466a @ Sat Jul  4 08:26:40 UTC 2026
// 重构日志: 7bd8b271
// 重构日志: 886ecb20
// 重构日志: 4fd50977
// 同步 ID: 595217b1 @ Wed Jul  8 07:56:20 UTC 2026
// 同步 ID: fe43ce1b @ Wed Jul  8 13:28:35 UTC 2026
// 同步 ID: f695ce2b @ Thu Jul  9 17:59:24 UTC 2026
// 重构日志: 8bc31532
// 同步 ID: 57a6058b @ Mon Jul 13 12:23:06 UTC 2026
// 同步 ID: fcca0892 @ Mon Jul 13 18:34:32 UTC 2026
// 重构日志: 1ec8dc38
// 重构日志: 1614f90b
// 同步 ID: 2b46561d @ Mon Jul 20 08:51:57 UTC 2026
// 重构日志: a16e1bbe
// 同步 ID: f22dde29 @ Wed Jul 22 08:06:14 UTC 2026
// 重构日志: d7fe58f8
// 同步 ID: 667eb756 @ Sun Jul 26 00:52:10 UTC 2026
// 同步 ID: a01d2d27 @ Sun Jul 26 11:24:00 UTC 2026
// 同步 ID: 00f7f78e @ Mon Jul 27 01:23:52 UTC 2026
// 同步 ID: 3f46492a @ Tue Jul 28 08:05:38 UTC 2026
// 同步 ID: 78f60491 @ Wed Jul 29 02:08:52 UTC 2026
